../Core/Src/main.c:101:6:push_screen	16	static
../Core/Src/main.c:112:9:pop_screen	8	static
../Core/Src/main.c:141:6:SendStudent_Number	48	static
../Core/Src/main.c:149:6:Process_UART_Command	184	static
../Core/Src/main.c:178:6:Debug_ADC_Values	128	static
../Core/Src/main.c:185:6:Process_ADC_Data	4952	static
../Core/Src/main.c:318:6:UpdateCurrentScreen	64	static
../Core/Src/main.c:510:6:middle_button	24	static
../Core/Src/main.c:522:6:Keys_Detect	88	static
../Core/Src/main.c:655:5:main	8	static
../Core/Src/main.c:727:6:SystemClock_Config	96	static
../Core/Src/main.c:775:13:MX_ADC1_Init	24	static
../Core/Src/main.c:844:13:MX_I2C1_Init	8	static
../Core/Src/main.c:892:13:MX_RTC_Init	32	static
../Core/Src/main.c:958:13:MX_TIM1_Init	56	static
../Core/Src/main.c:1012:13:MX_USART2_UART_Init	8	static
../Core/Src/main.c:1058:13:MX_DMA_Init	16	static
../Core/Src/main.c:1076:13:MX_GPIO_Init	56	static
../Core/Src/main.c:1135:6:HAL_ADC_ConvCpltCallback	16	static
../Core/Src/main.c:1142:6:HAL_UART_RxCpltCallback	16	static
../Core/Src/main.c:1156:6:HAL_GPIO_EXTI_Callback	16	static
../Core/Src/main.c:1166:6:Error_Handler	8	static,ignoring_inline_asm
