../Core/Src/main.c:101:6:push_screen	16	static
../Core/Src/main.c:107:9:pop_screen	8	static
../Core/Src/main.c:136:6:SendStudent_Number	48	static
../Core/Src/main.c:144:6:Process_UART_Command	184	static
../Core/Src/main.c:173:6:Debug_ADC_Values	128	static
../Core/Src/main.c:180:6:Process_ADC_Data	4952	static
../Core/Src/main.c:313:6:UpdateCurrentScreen	64	static
../Core/Src/main.c:505:6:middle_button	24	static
../Core/Src/main.c:517:6:Keys_Detect	8	static
../Core/Src/main.c:666:5:main	8	static
../Core/Src/main.c:738:6:SystemClock_Config	96	static
../Core/Src/main.c:786:13:MX_ADC1_Init	24	static
../Core/Src/main.c:855:13:MX_I2C1_Init	8	static
../Core/Src/main.c:903:13:MX_RTC_Init	32	static
../Core/Src/main.c:969:13:MX_TIM1_Init	56	static
../Core/Src/main.c:1023:13:MX_USART2_UART_Init	8	static
../Core/Src/main.c:1069:13:MX_DMA_Init	16	static
../Core/Src/main.c:1087:13:MX_GPIO_Init	56	static
../Core/Src/main.c:1161:6:HAL_ADC_ConvCpltCallback	16	static
../Core/Src/main.c:1168:6:HAL_UART_RxCpltCallback	16	static
../Core/Src/main.c:1182:6:HAL_GPIO_EXTI_Callback	16	static
../Core/Src/main.c:1192:6:Error_Handler	8	static,ignoring_inline_asm
